PRT1
46
115
4 0 8 (0 2048 -8704 ) (0 2048 1024 ) (0 3072 1024 ) (0 3072 -8704 ) 
4 0 2 (512 2048 1024 ) (0 2048 1024 ) (0 2048 -8704 ) (512 2048 -8704 ) 
4 0 1 (896 2048 1024 ) (512 2048 1024 ) (512 2048 -8704 ) (896 2048 -8704 ) 
4 1 5 (896 1024 1024 ) (512 1024 1024 ) (512 1024 -8704 ) (896 1024 -8704 ) 
4 1 3 (512 1024 64 ) (512 1024 1024 ) (512 1536 1024 ) (512 1536 64 ) 
4 1 4 (512 1536 -8704 ) (512 1024 -8704 ) (512 1024 0 ) (512 1536 0 ) 
4 1 2 (512 2048 -8704 ) (512 1536 -8704 ) (512 1536 1024 ) (512 2048 1024 ) 
4 2 12 (0 2048 0 ) (0 2048 -8704 ) (0 1536 -8704 ) (0 1536 0 ) 
4 2 10 (0 1536 1024 ) (0 2048 1024 ) (0 2048 0 ) (0 1536 0 ) 
4 2 3 (512 1536 64 ) (512 1536 1024 ) (0 1536 1024 ) (0 1536 64 ) 
4 2 4 (0 1536 -8704 ) (512 1536 -8704 ) (512 1536 0 ) (0 1536 0 ) 
4 3 11 (0 1024 64 ) (0 1024 1024 ) (0 1536 1024 ) (0 1536 64 ) 
4 3 6 (512 1024 1024 ) (0 1024 1024 ) (0 1024 64 ) (512 1024 64 ) 
4 4 12 (0 1024 -8704 ) (0 1024 0 ) (0 1536 0 ) (0 1536 -8704 ) 
4 4 7 (0 1024 0 ) (0 1024 -8704 ) (512 1024 -8704 ) (512 1024 0 ) 
4 5 35 (896 0 1024 ) (512 0 1024 ) (512 0 -8704 ) (896 0 -8704 ) 
4 5 6 (512 0 64 ) (512 0 1024 ) (512 1024 1024 ) (512 1024 64 ) 
4 5 7 (512 1024 -8704 ) (512 0 -8704 ) (512 0 0 ) (512 1024 0 ) 
4 6 36 (512 0 1024 ) (0 0 1024 ) (0 0 64 ) (512 0 64 ) 
4 6 21 (0 0 64 ) (0 0 576 ) (0 128 576 ) (0 128 64 ) 
4 6 18 (0 128 576 ) (0 1024 576 ) (0 1024 64 ) (0 128 64 ) 
4 6 16 (0 0 576 ) (0 0 1024 ) (0 1024 1024 ) (0 1024 576 ) 
4 7 37 (0 0 0 ) (0 0 -8704 ) (512 0 -8704 ) (512 0 0 ) 
4 7 23 (0 0 -8704 ) (0 0 0 ) (0 1024 0 ) (0 1024 -8704 ) 
4 8 12 (0 2048 -8704 ) (0 2048 0 ) (-1024 2048 0 ) (-1024 2048 -8704 ) 
4 8 10 (0 2048 0 ) (0 2048 1024 ) (-1024 2048 1024 ) (-1024 2048 0 ) 
4 8 9 (-1024 2048 -8704 ) (-1024 2048 1024 ) (-1024 3072 1024 ) (-1024 3072 -8704 ) 
4 9 32 (-2048 2048 -8704 ) (-2048 2048 1024 ) (-2048 3072 1024 ) (-2048 3072 -8704 ) 
4 9 15 (-1024 2048 -8704 ) (-1024 2048 0 ) (-2048 2048 0 ) (-2048 2048 -8704 ) 
4 9 13 (-1024 2048 0 ) (-1024 2048 1024 ) (-2048 2048 1024 ) (-2048 2048 0 ) 
4 10 13 (-1024 1536 1024 ) (-1024 2048 1024 ) (-1024 2048 0 ) (-1024 1536 0 ) 
4 10 12 (-1024 1536 0 ) (-1024 2048 0 ) (0 2048 0 ) (0 1536 0 ) 
4 10 11 (0 1536 64 ) (0 1536 1024 ) (-1024 1536 1024 ) (-1024 1536 64 ) 
4 11 19 (-1002.038940 1024 576 ) (-1024 1024 576 ) (-1024 1024 64 ) (-1002.039001 1024 64 ) 
4 11 18 (0 1024 64 ) (0 1024 576 ) (-1002.038940 1024 576 ) (-1002.039001 1024 64 ) 
4 11 16 (0 1024 576 ) (0 1024 1024 ) (-1024 1024 1024 ) (-1024 1024 576 ) 
4 11 14 (-1024 1024 64 ) (-1024 1024 1024 ) (-1024 1536 1024 ) (-1024 1536 64 ) 
4 12 23 (0 1024 -8704 ) (0 1024 0 ) (-1024 1024 0 ) (-1024 1024 -8704 ) 
4 12 15 (-1024 1024 -8704 ) (-1024 1024 0 ) (-1024 2048 0 ) (-1024 2048 -8704 ) 
4 13 33 (-2048 1536 1024 ) (-2048 2048 1024 ) (-2048 2048 0 ) (-2048 1536 0 ) 
4 13 15 (-2048 2048 0 ) (-1024 2048 0 ) (-1024 1536 0 ) (-2048 1536 0 ) 
4 13 14 (-1024 1536 64 ) (-1024 1536 1024 ) (-2048 1536 1024 ) (-2048 1536 64 ) 
4 14 33 (-2048 1024 64 ) (-2048 1024 1024 ) (-2048 1536 1024 ) (-2048 1536 64 ) 
4 14 26 (-2048 1024 576 ) (-2048 1024 64 ) (-1024 1024 64 ) (-1024 1024 576 ) 
4 14 24 (-2048 1024 1024 ) (-2048 1024 576 ) (-1024 1024 576 ) (-1024 1024 1024 ) 
4 15 33 (-2048 1024 -8704 ) (-2048 1024 0 ) (-2048 2048 0 ) (-2048 2048 -8704 ) 
4 15 31 (-2048 1024 0 ) (-2048 1024 -8704 ) (-1024 1024 -8704 ) (-1024 1024 0 ) 
4 16 39 (0 0 576 ) (0 0 1024 ) (-1024 0 1024 ) (-1024 0 576 ) 
4 16 24 (-1024 1024 1024 ) (-1024 1024 576 ) (-1024 0 576 ) (-1024 0 1024 ) 
4 16 22 (-1024 0 576 ) (-1024 64 576 ) (-768 64 576 ) (-768 0 576 ) 
4 16 21 (-768 128 576 ) (0 128 576 ) (0 0 576 ) (-768 0 576 ) 
4 16 20 (-384 405.961060 576 ) (-106.038994 128 576 ) (-196.547974 128 576 ) (-429.255005 360.706970 576 ) 
5 16 19 (-1024 955.451904 576 ) (-1024 1024 576 ) (-1002.039001 1024 576 ) (-746.039001 768 576 ) (-791.293030 722.744934 576 ) 
4 16 18 (-1002.039001 1024 576 ) (0 1024 576 ) (0 128 576 ) (-106.038994 128 576 ) 
3 16 17 (-1024 128 576 ) (-1024 955.451904 576 ) (-196.547974 128 576 ) 
4 17 27 (-1024 955.451965 64 ) (-1024 874.038635 64 ) (-1024 874.038574 576 ) (-1024 955.451904 576 ) 
4 17 25 (-1024 874.038635 64 ) (-1024 128 64 ) (-1024 128 576 ) (-1024 874.038574 576 ) 
4 17 21 (-768 128 64 ) (-196.547974 128 64 ) (-196.547974 128 576 ) (-768 128 576 ) 
4 17 20 (-196.548813 128 576 ) (-196.548828 128 64 ) (-429.255371 360.706543 64 ) (-429.255676 360.706329 576 ) 
4 17 19 (-791.293396 722.744568 64 ) (-1024 955.451172 64 ) (-1024 955.449219 576 ) (-791.294067 722.743896 576 ) 
4 18 21 (-106.038986 128 64 ) (0 128 64 ) (0 128 576 ) (-106.038994 128 576 ) 
4 18 20 (-384 405.960968 64 ) (-106.039062 128 64 ) (-106.039062 128 576 ) (-384 405.960968 576 ) 
4 18 19 (-1002.039062 1024 64 ) (-746.039062 768 64 ) (-746.039001 768 576 ) (-1002.039062 1024 576 ) 
4 19 27 (-1024 964.542114 64 ) (-1024 955.451965 64 ) (-1024 955.451904 576 ) (-1024 964.542053 576 ) 
4 19 26 (-1024 1024 576 ) (-1024 1024 64 ) (-1024 964.542114 64 ) (-1024 964.542053 576 ) 
4 20 21 (-196.547974 128 64 ) (-106.038986 128 64 ) (-106.038994 128 576 ) (-196.547974 128 576 ) 
4 21 39 (0 0 64 ) (0 0 576 ) (-768 0 576 ) (-768 0 64 ) 
4 21 22 (-768 64 64 ) (-768 0 64 ) (-768 0 576 ) (-768 64 576 ) 
4 22 39 (-768 0 576 ) (-1024 0 576 ) (-1024 0 64 ) (-768 0 64 ) 
4 22 29 (-1024 64 64 ) (-1024 0 64 ) (-1024 0 576 ) (-1024 64 576 ) 
4 23 40 (0 0 -8704 ) (0 0 0 ) (-1024 0 0 ) (-1024 0 -8704 ) 
4 23 31 (-1024 1024 0 ) (-1024 1024 -8704 ) (-1024 0 -8704 ) (-1024 0 0 ) 
4 24 42 (-1024 0 576 ) (-1024 0 1024 ) (-2048 0 1024 ) (-2048 0 576 ) 
4 24 34 (-2048 0 576 ) (-2048 0 1024 ) (-2048 1024 1024 ) (-2048 1024 576 ) 
4 24 29 (-1024 0 576 ) (-1280 0 576 ) (-1280 64 576 ) (-1024 64 576 ) 
4 24 30 (-1280 0 576 ) (-2048 0 576 ) (-2048 128 576 ) (-1280 128 576 ) 
4 24 28 (-1514.040039 384 576 ) (-1770.040771 128 576 ) (-1860.546753 128 576 ) (-1559.290039 429.255035 576 ) 
4 24 27 (-1024 964.542053 576 ) (-1024 874.038696 576 ) (-1152 746.039062 576 ) (-1197.250000 791.293030 576 ) 
5 24 26 (-2048 128 576 ) (-2048 1024 576 ) (-1024 1024 576 ) (-1024 964.542053 576 ) (-1860.546753 128 576 ) 
3 24 25 (-1024 874.038696 576 ) (-1024 128 576 ) (-1770.040771 128 576 ) 
4 25 30 (-1770.040894 128 64 ) (-1280 128 64 ) (-1280 128 576 ) (-1770.040771 128 576 ) 
4 25 28 (-1514.040283 384 64 ) (-1770.041016 128 64 ) (-1770.041016 128 576 ) (-1514.040161 384 576 ) 
4 25 27 (-1024 874.039368 64 ) (-1152 746.039307 64 ) (-1152 746.039062 576 ) (-1024 874.038818 576 ) 
4 26 34 (-2048 128 576 ) (-2048 1024 576 ) (-2048 1024 64 ) (-2048 128 64 ) 
4 26 30 (-2048 128 64 ) (-1860.546875 128 64 ) (-1860.546753 128 576 ) (-2048 128 576 ) 
4 26 28 (-1860.548828 128 576 ) (-1860.548828 128 64 ) (-1559.291138 429.256073 64 ) (-1559.290894 429.255859 576 ) 
4 26 27 (-1197.251099 791.294067 64 ) (-1024 964.544189 64 ) (-1024 964.542969 576 ) (-1197.250610 791.293579 576 ) 
4 28 30 (-1860.546875 128 64 ) (-1770.040894 128 64 ) (-1770.040771 128 576 ) (-1860.546753 128 576 ) 
4 29 42 (-1024 0 64 ) (-1024 0 576 ) (-1280 0 576 ) (-1280 0 64 ) 
4 29 30 (-1280 64 64 ) (-1280 0 64 ) (-1280 0 576 ) (-1280 64 576 ) 
4 30 42 (-1280 0 576 ) (-2048 0 576 ) (-2048 0 64 ) (-1280 0 64 ) 
4 30 34 (-2048 0 64 ) (-2048 0 576 ) (-2048 128 576 ) (-2048 128 64 ) 
4 31 43 (-1024 0 -8704 ) (-1024 0 0 ) (-2048 0 0 ) (-2048 0 -8704 ) 
4 31 34 (-2048 0 -8704 ) (-2048 0 0 ) (-2048 1024 0 ) (-2048 1024 -8704 ) 
4 32 33 (-2048 2048 -8704 ) (-2048 2048 1024 ) (-3072 2048 1024 ) (-3072 2048 -8704 ) 
4 33 34 (-2048 1024 -8704 ) (-2048 1024 1024 ) (-3072 1024 1024 ) (-3072 1024 -8704 ) 
4 34 45 (-2048 0 -8704 ) (-2048 0 1024 ) (-3072 0 1024 ) (-3072 0 -8704 ) 
4 35 36 (512 -512 64 ) (512 -512 1024 ) (512 0 1024 ) (512 0 64 ) 
4 35 37 (512 0 -8704 ) (512 -512 -8704 ) (512 -512 0 ) (512 0 0 ) 
4 35 38 (512 -512 -8704 ) (512 -800 -8704 ) (512 -800 1024 ) (512 -512 1024 ) 
4 36 39 (0 0 1024 ) (0 0 64 ) (0 -512 64 ) (0 -512 1024 ) 
4 36 38 (512 -512 64 ) (512 -512 1024 ) (0 -512 1024 ) (0 -512 64 ) 
4 37 40 (0 0 0 ) (0 0 -8704 ) (0 -512 -8704 ) (0 -512 0 ) 
4 37 38 (0 -512 -8704 ) (512 -512 -8704 ) (512 -512 0 ) (0 -512 0 ) 
4 38 41 (0 -512 -8704 ) (0 -800 -8704 ) (0 -800 1024 ) (0 -512 1024 ) 
4 39 42 (-1024 0 1024 ) (-1024 0 64 ) (-1024 -512 64 ) (-1024 -512 1024 ) 
4 39 41 (0 -512 64 ) (0 -512 1024 ) (-1024 -512 1024 ) (-1024 -512 64 ) 
4 40 43 (-1024 0 0 ) (-1024 0 -8704 ) (-1024 -512 -8704 ) (-1024 -512 0 ) 
4 40 41 (-1024 -512 -8704 ) (0 -512 -8704 ) (0 -512 0 ) (-1024 -512 0 ) 
4 41 44 (-1024 -512 -8704 ) (-1024 -800 -8704 ) (-1024 -800 1024 ) (-1024 -512 1024 ) 
4 42 45 (-2048 0 1024 ) (-2048 0 64 ) (-2048 -512 64 ) (-2048 -512 1024 ) 
4 42 44 (-1024 -512 64 ) (-1024 -512 1024 ) (-2048 -512 1024 ) (-2048 -512 64 ) 
4 43 45 (-2048 0 0 ) (-2048 0 -8704 ) (-2048 -512 -8704 ) (-2048 -512 0 ) 
4 43 44 (-2048 -512 -8704 ) (-1024 -512 -8704 ) (-1024 -512 0 ) (-2048 -512 0 ) 
4 44 45 (-2048 -512 -8704 ) (-2048 -800 -8704 ) (-2048 -800 1024 ) (-2048 -512 1024 ) 
